home 3342
demo 3623
how 2300
pricing 1844
faq 1931
themes 1278
social 2199
import 1446
terms 4054
privacy 3393
changelog 2114
safer-gambling 1791
waiting-list 1255
thank-you 1242
login 900
signup 955
signup-verify 900
signup-name 900
signup-unit 1106
signup-sports 1407
signup-plan 1019
signup-rate-limited 900
app 900
app-ledger 5350
app-history 8046
app-gallery 2352
app-balances 1147
app-analyser 900
app-social 1168
app-social-leaderboard 1733
app-social-group-new 1129
app-social-discover 1225
app-social-group 2010
app-social-group-join 900
app-social-person 900
app-social-feed 1674
app-import 1016
app-import-crop 900
app-import-analysing 900
app-import-review 1776
app-import-manual 1467
app-import-linked 1425
app-import-history 900
app-import-history-review 1089
app-import-history-dry-run 1006
app-import-history-resolve 2601
app-import-history-done 900
app-you 1426
app-settings 908
app-settings-plan 1579
app-settings-referrals 900
app-billing-trial 900
app-billing-declined 1110
app-billing-read-only 1035
app-states-new-dashboard 1121
app-states-new-ledger 900
app-states-new-social 900
app-states-offline 1050
app-states-save-failed 931
app-states-unreadable 1060
app-states-loading 1168
app-ledger-needs-waiting 1926
app-ledger-needs-running 1846
app-ledger-needs-resting 1846
app-analyser-dim-bookmaker-dim2-odds 4293
app-social-leaderboard-period-year 1733
app-social-leaderboard-period-all 1733
app-social-feed-tab-activity 1144
app-social-group-id-the-nap 2010
app-social-group-id-sunday-singles-new-1 1536
app-social-group-join-code-K7QM2X 1053
app-social-group-join-code-ZZZZZZ 900
b-sb-k4qmw92xr3fzhn5tvbdc 1689
404 1263
500 981
