home 4473
demo 4661
how 4200
pricing 3076
faq 2666
themes 2183
social 3374
import 2611
terms 5312
privacy 4674
changelog 2780
safer-gambling 3079
waiting-list 1984
thank-you 1879
login 865
signup 1025
signup-verify 844
signup-name 888
signup-unit 1237
signup-sports 1487
signup-plan 1087
signup-rate-limited 844
app 2405
app-ledger 9878
app-history 8583
app-gallery 6467
app-balances 1739
app-analyser 1097
app-social 3516
app-social-leaderboard 2305
app-social-group-new 1264
app-social-discover 1435
app-social-group 3171
app-social-group-join 844
app-social-person 935
app-social-feed 3403
app-import 1366
app-import-crop 844
app-import-analysing 844
app-import-review 3003
app-import-manual 2212
app-import-linked 1885
app-import-history 1217
app-import-history-review 1124
app-import-history-dry-run 1181
app-import-history-resolve 2712
app-import-history-done 967
app-you 2579
app-settings 1877
app-settings-plan 1989
app-settings-referrals 844
app-billing-trial 1116
app-billing-declined 1804
app-billing-read-only 1346
app-states-new-dashboard 1769
app-states-new-ledger 856
app-states-new-social 844
app-states-offline 1212
app-states-save-failed 1179
app-states-unreadable 1384
app-states-loading 1705
app-ledger-needs-waiting 2651
app-ledger-needs-running 2480
app-ledger-needs-resting 2480
app-analyser-dim-bookmaker-dim2-odds 4701
app-social-leaderboard-period-year 2305
app-social-leaderboard-period-all 2305
app-social-feed-tab-activity 1302
app-social-group-id-the-nap 3171
app-social-group-id-sunday-singles-new-1 2576
app-social-group-join-code-K7QM2X 1088
app-social-group-join-code-ZZZZZZ 926
b-sb-k4qmw92xr3fzhn5tvbdc 2776
404 1919
500 1692
